
GIT commands
git add <file>
git commit -m "Adding/Modifying/Reason for editing"
git status 
git log 


https://github.com/shwetasati/newGit.git


Bhanu@LAPTOP-90U5T4AN MINGW64 ~
$ git --version
git version 2.19.1.windows.1

Bhanu@LAPTOP-90U5T4AN MINGW64 ~
$

$ git config --global user.name "shwetasati"

Bhanu@LAPTOP-90U5T4AN MINGW64 ~
$ git config --global user.email "shweta.shailu@gmail.com"

Bhanu@LAPTOP-90U5T4AN MINGW64 ~

Bhanu@LAPTOP-90U5T4AN MINGW64 ~
$ git config --list
core.symlinks=false
core.autocrlf=true
core.fscache=true
color.diff=auto
color.status=auto
color.branch=auto
color.interactive=true
help.format=html
rebase.autosquash=true
http.sslcainfo=C:/Program Files/Git/mingw64/ssl/certs/ca-bundle.crt
http.sslbackend=openssl
diff.astextplain.textconv=astextplain
filter.lfs.clean=git-lfs clean -- %f
filter.lfs.smudge=git-lfs smudge -- %f
filter.lfs.process=git-lfs filter-process
filter.lfs.required=true
credential.helper=manager
user.name=shwetasati
user.email=shweta.shailu@gmail.com



Bhanu@LAPTOP-90U5T4AN MINGW64 ~/Desktop/GIT (master)
$ ls -latr
total 16
-rw-r--r-- 1 Bhanu 197121 1030 Nov 11 10:55 colours.json.txt
drwxr-xr-x 1 Bhanu 197121    0 Nov 11 11:26 ../
drwxr-xr-x 1 Bhanu 197121    0 Nov 11 11:27 ./
drwxr-xr-x 1 Bhanu 197121    0 Nov 11 11:27 .git/

Bhanu@LAPTOP-90U5T4AN MINGW64 ~/Desktop/GIT (master)
$ git status
On branch master

No commits yet

Untracked files:
  (use "git add <file>..." to include in what will be committed)

        colours.json.txt

nothing added to commit but untracked files present (use "git add" to track)

Bhanu@LAPTOP-90U5T4AN MINGW64 ~/Desktop/GIT (master)

Bhanu@LAPTOP-90U5T4AN MINGW64 ~/Desktop/GIT (master)
$ git status
On branch master

No commits yet

Untracked files:
  (use "git add <file>..." to include in what will be committed)

        colours.json.txt

nothing added to commit but untracked files present (use "git add" to track)

Bhanu@LAPTOP-90U5T4AN MINGW64 ~/Desktop/GIT (master)
$ git add colours.json.txt

Bhanu@LAPTOP-90U5T4AN MINGW64 ~/Desktop/GIT (master)
$ git status
On branch master

No commits yet

Changes to be committed:
  (use "git rm --cached <file>..." to unstage)

        new file:   colours.json.txt


Bhanu@LAPTOP-90U5T4AN MINGW64 ~/Desktop/GIT (master)
$ git commit colours.json.txt
[master (root-commit) 091bbee] Adding the colours json file
 1 file changed, 57 insertions(+)
 create mode 100644 colours.json.txt

Bhanu@LAPTOP-90U5T4AN MINGW64 ~/Desktop/GIT (master)
$ git status
On branch master
nothing to commit, working tree clean


$ git log
commit 091bbee7be7eb4d49ed035fed8154d48b8c91b53 (HEAD -> master)
Author: shwetasati <shweta.shailu@gmail.com>
Date:   Sun Nov 11 11:30:43 2018 +0000

    Adding the colours json file

Bhanu@LAPTOP-90U5T4AN MINGW64 ~/Desktop/GIT (master)


GIT clone <remote repository>

$ git clone https://github.com/shwetasati/newGit.git
Cloning into 'newGit'...
warning: You appear to have cloned an empty repository.

Bhanu@LAPTOP-90U5T4AN MINGW64 ~/Desktop/GIT (master)


